[
  { in: [ '5 5', '1 2 W', 'M' ], out: '0 2 W\n' },
  { in: [ '5 5', '2 3 W', 'M' ], out: '1 3 W\n' }
]
