[ { in: [ '5 5', '1 2 W', 'MM' ], out: '-1 2 W\n' } ]
