[
  { in: [ '5 5', '1 2 N', 'M' ], out: '1 3 N\n' },
  { in: [ '5 5', '1 3 N', 'M' ], out: '1 4 N\n' }
]
