[
  { in: [ '5 5', '1 2 W', 'R' ], out: '1 2 N\n' },
  { in: [ '5 5', '1 2 N', 'RR' ], out: '1 2 S\n' },
  { in: [ '5 5', '1 2 E', 'LR' ], out: '1 2 E\n' }
]
