0, 0 -> Love-All
0, 1 -> Love-Fifteen
0, 2 -> Love-Thirty
0, 3 -> Love-Forty
0, 4 -> Win for player2
0, 5 -> Win for player2
1, 0 -> Fifteen-Love
1, 1 -> Fifteen-All
1, 2 -> Fifteen-Thirty
1, 3 -> Fifteen-Forty
1, 4 -> Win for player2
1, 5 -> Win for player2
2, 0 -> Thirty-Love
2, 1 -> Thirty-Fifteen
2, 2 -> Thirty-All
2, 3 -> Thirty-Forty
2, 4 -> Win for player2
2, 5 -> Win for player2
3, 0 -> Forty-Love
3, 1 -> Forty-Fifteen
3, 2 -> Forty-Thirty
3, 3 -> Deuce
3, 4 -> Advantage player2
3, 5 -> Win for player2
4, 0 -> Win for player1
4, 1 -> Win for player1
4, 2 -> Win for player1
4, 3 -> Advantage player1
4, 4 -> Deuce
4, 5 -> Advantage player2
5, 0 -> Win for player1
5, 1 -> Win for player1
5, 2 -> Win for player1
5, 3 -> Win for player1
5, 4 -> Advantage player1
5, 5 -> Deuce
