name -2 -1
name -1 -1
name 5 -1
name 10 -1
name -2 0
name -1 0
name 5 0
name 10 0
name -2 47
name -1 47
name 5 48
name 10 48
name -2 48
name -1 48
name 5 49
name 10 49
Aged Brie -2 1
Aged Brie -1 1
Aged Brie 5 0
Aged Brie 10 0
Aged Brie -2 2
Aged Brie -1 2
Aged Brie 5 1
Aged Brie 10 1
Aged Brie -2 50
Aged Brie -1 50
Aged Brie 5 50
Aged Brie 10 50
Aged Brie -2 50
Aged Brie -1 50
Aged Brie 5 50
Aged Brie 10 50
Backstage passes to a TAFKAL80ETC concert -2 0
Backstage passes to a TAFKAL80ETC concert -1 0
Backstage passes to a TAFKAL80ETC concert 5 1
Backstage passes to a TAFKAL80ETC concert 10 0
Backstage passes to a TAFKAL80ETC concert -2 0
Backstage passes to a TAFKAL80ETC concert -1 0
Backstage passes to a TAFKAL80ETC concert 5 2
Backstage passes to a TAFKAL80ETC concert 10 1
Backstage passes to a TAFKAL80ETC concert -2 0
Backstage passes to a TAFKAL80ETC concert -1 0
Backstage passes to a TAFKAL80ETC concert 5 50
Backstage passes to a TAFKAL80ETC concert 10 50
Backstage passes to a TAFKAL80ETC concert -2 0
Backstage passes to a TAFKAL80ETC concert -1 0
Backstage passes to a TAFKAL80ETC concert 5 50
Backstage passes to a TAFKAL80ETC concert 10 50
Sulfuras, Hand of Ragnaros -1 -1
Sulfuras, Hand of Ragnaros 0 -1
Sulfuras, Hand of Ragnaros 6 -1
Sulfuras, Hand of Ragnaros 11 -1
Sulfuras, Hand of Ragnaros -1 0
Sulfuras, Hand of Ragnaros 0 0
Sulfuras, Hand of Ragnaros 6 0
Sulfuras, Hand of Ragnaros 11 0
Sulfuras, Hand of Ragnaros -1 49
Sulfuras, Hand of Ragnaros 0 49
Sulfuras, Hand of Ragnaros 6 49
Sulfuras, Hand of Ragnaros 11 49
Sulfuras, Hand of Ragnaros -1 50
Sulfuras, Hand of Ragnaros 0 50
Sulfuras, Hand of Ragnaros 6 50
Sulfuras, Hand of Ragnaros 11 50
