no input

single empty input array

single array with single item
[1]

single non-empty array
[1]
[2]

one array, more items
[1]
[2]
[3]

two arrays, one item
[1,2]

two arrays, two items
[1,3]
[1,4]
[2,3]
[2,4]

three arrays, one item
[1,2,3]

binary counter
[0,0,0,0]
[0,0,0,1]
[0,0,1,0]
[0,0,1,1]
[0,1,0,0]
[0,1,0,1]
[0,1,1,0]
[0,1,1,1]
[1,0,0,0]
[1,0,0,1]
[1,0,1,0]
[1,0,1,1]
[1,1,0,0]
[1,1,0,1]
[1,1,1,0]
[1,1,1,1]

