[
  [
    {
      "cell_aliveness": ".",
      "number_of_living_neighbors": 2
    },
    {
      "cell_aliveness": ".",
      "number_of_living_neighbors": 3
    },
    {
      "cell_aliveness": ".",
      "number_of_living_neighbors": 2
    }
  ],
  [
    {
      "cell_aliveness": "*",
      "number_of_living_neighbors": 1
    },
    {
      "cell_aliveness": "*",
      "number_of_living_neighbors": 2
    },
    {
      "cell_aliveness": "*",
      "number_of_living_neighbors": 1
    }
  ],
  [
    {
      "cell_aliveness": ".",
      "number_of_living_neighbors": 2
    },
    {
      "cell_aliveness": ".",
      "number_of_living_neighbors": 3
    },
    {
      "cell_aliveness": ".",
      "number_of_living_neighbors": 2
    }
  ]
]
