[
  "gen 14",
  "4 8",
  "........",
  "...**...",
  "...**...",
  "........"
]
