   ╭a1
 ╭a┼a22
 │ ╰a333
 │  ╭bb1
0┼bb┼bb22
 │  ╰bb333
 │   ╭ccc1
 ╰ccc┼ccc22
     ╰ccc333
