parent─child┬grandchild 1
            ╰grandchild 2
